// Jest Snapshot v1, https://goo.gl/fbAQLP

exports[`component: Address renders correctly 1`] = `
<main>
  Cep n√£o encontrado
</main>
`;
